
> aara-therapist@1.0.0 build
> next build && next-sitemap

  Γû▓ Next.js 14.2.33
  - Environments: .env.local

   Creating an optimized production build ...
 Γ£ô (pwa) Compiling for server...
 Γ£ô (pwa) Compiling for server...
 Γ£ô (pwa) Compiling for client (static)...
 Γùï (pwa) Service worker: D:\Aara Therapist\public\sw.js
 Γùï (pwa)   URL: /sw.js
 Γùï (pwa)   Scope: /
 Γ£ô Compiled successfully
   Linting and checking validity of types ...
node.exe : 
At C:\Program Files\no
dejs\npm.ps1:29 char:3
+   & $NODE_EXE 
$NPM_CLI_JS $args
+   ~~~~~~~~~~~~~~~~~~
~~~~~~~~~~~
    + CategoryInfo    
          : NotSpeci  
  fied: (:String) [   
 ], RemoteExceptio    
n
    + FullyQualifiedE 
   rrorId : NativeCo  
  mmandError
 
Failed to compile.

./app/about/page.tsx
18:13  Warning: Using 
`<img>` could result 
in slower LCP and 
higher bandwidth. 
Consider using 
`<Image />` from 
`next/image` to 
automatically 
optimize images. This 
may incur additional 
usage or cost from 
your provider. See: ht
tps://nextjs.org/docs/
messages/no-img-elemen
t  @next/next/no-img-e
lement

./app/auth/login/page.
tsx
59:13  Warning: Using 
`<img>` could result 
in slower LCP and 
higher bandwidth. 
Consider using 
`<Image />` from 
`next/image` to 
automatically 
optimize images. This 
may incur additional 
usage or cost from 
your provider. See: ht
tps://nextjs.org/docs/
messages/no-img-elemen
t  @next/next/no-img-e
lement

./app/auth/signup/page
.tsx
64:13  Warning: Using 
`<img>` could result 
in slower LCP and 
higher bandwidth. 
Consider using 
`<Image />` from 
`next/image` to 
automatically 
optimize images. This 
may incur additional 
usage or cost from 
your provider. See: ht
tps://nextjs.org/docs/
messages/no-img-elemen
t  @next/next/no-img-e
lement

./app/auth/therapist-l
ogin/page.tsx
34:29  Warning: Using 
`<img>` could result 
in slower LCP and 
higher bandwidth. 
Consider using 
`<Image />` from 
`next/image` to 
automatically 
optimize images. This 
may incur additional 
usage or cost from 
your provider. See: ht
tps://nextjs.org/docs/
messages/no-img-elemen
t  @next/next/no-img-e
lement
90:33  Warning: Using 
`<img>` could result 
in slower LCP and 
higher bandwidth. 
Consider using 
`<Image />` from 
`next/image` to 
automatically 
optimize images. This 
may incur additional 
usage or cost from 
your provider. See: ht
tps://nextjs.org/docs/
messages/no-img-elemen
t  @next/next/no-img-e
lement

./app/chat/page.tsx
354:6  Warning: React 
Hook useEffect has a 
missing dependency: 
'currentChatId'. 
Either include it or 
remove the dependency 
array.  react-hooks/ex
haustive-deps
547:11  Warning: 
Using `<img>` could 
result in slower LCP 
and higher bandwidth. 
Consider using 
`<Image />` from 
`next/image` to 
automatically 
optimize images. This 
may incur additional 
usage or cost from 
your provider. See: ht
tps://nextjs.org/docs/
messages/no-img-elemen
t  @next/next/no-img-e
lement
558:11  Warning: 
Using `<img>` could 
result in slower LCP 
and higher bandwidth. 
Consider using 
`<Image />` from 
`next/image` to 
automatically 
optimize images. This 
may incur additional 
usage or cost from 
your provider. See: ht
tps://nextjs.org/docs/
messages/no-img-elemen
t  @next/next/no-img-e
lement
622:11  Warning: 
Using `<img>` could 
result in slower LCP 
and higher bandwidth. 
Consider using 
`<Image />` from 
`next/image` to 
automatically 
optimize images. This 
may incur additional 
usage or cost from 
your provider. See: ht
tps://nextjs.org/docs/
messages/no-img-elemen
t  @next/next/no-img-e
lement
657:13  Warning: 
Using `<img>` could 
result in slower LCP 
and higher bandwidth. 
Consider using 
`<Image />` from 
`next/image` to 
automatically 
optimize images. This 
may incur additional 
usage or cost from 
your provider. See: ht
tps://nextjs.org/docs/
messages/no-img-elemen
t  @next/next/no-img-e
lement
754:29  Error: `'` 
can be escaped with 
`&apos;`, `&lsquo;`, 
`&#39;`, `&rsquo;`.  r
eact/no-unescaped-enti
ties

./app/contact/page.tsx
28:13  Warning: Using 
`<img>` could result 
in slower LCP and 
higher bandwidth. 
Consider using 
`<Image />` from 
`next/image` to 
automatically 
optimize images. This 
may incur additional 
usage or cost from 
your provider. See: ht
tps://nextjs.org/docs/
messages/no-img-elemen
t  @next/next/no-img-e
lement

./app/mood-flow/page.t
sx
43:8  Warning: React 
Hook useEffect has a 
missing dependency: 
'loadMoods'. Either 
include it or remove 
the dependency array. 
 react-hooks/exhaustiv
e-deps

./app/page.tsx
117:13  Warning: 
Using `<img>` could 
result in slower LCP 
and higher bandwidth. 
Consider using 
`<Image />` from 
`next/image` to 
automatically 
optimize images. This 
may incur additional 
usage or cost from 
your provider. See: ht
tps://nextjs.org/docs/
messages/no-img-elemen
t  @next/next/no-img-e
lement
191:19  Error: `'` 
can be escaped with 
`&apos;`, `&lsquo;`, 
`&#39;`, `&rsquo;`.  r
eact/no-unescaped-enti
ties
191:44  Error: `'` 
can be escaped with 
`&apos;`, `&lsquo;`, 
`&#39;`, `&rsquo;`.  r
eact/no-unescaped-enti
ties
227:95  Error: `'` 
can be escaped with 
`&apos;`, `&lsquo;`, 
`&#39;`, `&rsquo;`.  r
eact/no-unescaped-enti
ties
633:6  Warning: React 
Hook useEffect has a 
missing dependency: 
'loadStats'. Either 
include it or remove 
the dependency array. 
 react-hooks/exhaustiv
e-deps
642:11  Warning: 
Using `<img>` could 
result in slower LCP 
and higher bandwidth. 
Consider using 
`<Image />` from 
`next/image` to 
automatically 
optimize images. This 
may incur additional 
usage or cost from 
your provider. See: ht
tps://nextjs.org/docs/
messages/no-img-elemen
t  @next/next/no-img-e
lement
766:19  Error: `"` 
can be escaped with 
`&quot;`, `&ldquo;`, 
`&#34;`, `&rdquo;`.  r
eact/no-unescaped-enti
ties
766:95  Error: `"` 
can be escaped with 
`&quot;`, `&ldquo;`, 
`&#34;`, `&rdquo;`.  r
eact/no-unescaped-enti
ties
804:11  Warning: 
Using `<img>` could 
result in slower LCP 
and higher bandwidth. 
Consider using 
`<Image />` from 
`next/image` to 
automatically 
optimize images. This 
may incur additional 
usage or cost from 
your provider. See: ht
tps://nextjs.org/docs/
messages/no-img-elemen
t  @next/next/no-img-e
lement

./app/plans/page.tsx
86:8  Warning: React 
Hook useEffect has a 
missing dependency: 
'loadCurrentPlan'. 
Either include it or 
remove the dependency 
array.  react-hooks/ex
haustive-deps
186:32  Error: `'` 
can be escaped with 
`&apos;`, `&lsquo;`, 
`&#39;`, `&rsquo;`.  r
eact/no-unescaped-enti
ties
255:32  Error: `'` 
can be escaped with 
`&apos;`, `&lsquo;`, 
`&#39;`, `&rsquo;`.  r
eact/no-unescaped-enti
ties
255:56  Error: `'` 
can be escaped with 
`&apos;`, `&lsquo;`, 
`&#39;`, `&rsquo;`.  r
eact/no-unescaped-enti
ties
263:57  Error: `'` 
can be escaped with 
`&apos;`, `&lsquo;`, 
`&#39;`, `&rsquo;`.  r
eact/no-unescaped-enti
ties
287:32  Error: `'` 
can be escaped with 
`&apos;`, `&lsquo;`, 
`&#39;`, `&rsquo;`.  r
eact/no-unescaped-enti
ties
294:36  Error: `'` 
can be escaped with 
`&apos;`, `&lsquo;`, 
`&#39;`, `&rsquo;`.  r
eact/no-unescaped-enti
ties

./app/privacy/page.tsx
18:13  Warning: Using 
`<img>` could result 
in slower LCP and 
higher bandwidth. 
Consider using 
`<Image />` from 
`next/image` to 
automatically 
optimize images. This 
may incur additional 
usage or cost from 
your provider. See: ht
tps://nextjs.org/docs/
messages/no-img-elemen
t  @next/next/no-img-e
lement

./app/profile/page.tsx
83:6  Warning: React 
Hook useEffect has a 
missing dependency: 
'loadUserSettings'. 
Either include it or 
remove the dependency 
array.  react-hooks/ex
haustive-deps
93:6  Warning: React 
Hook useEffect has a 
missing dependency: 
'loadStats'. Either 
include it or remove 
the dependency array. 
 react-hooks/exhaustiv
e-deps
214:6  Warning: React 
Hook useEffect has 
missing dependencies: 
'mounted', 'saveNotifi
cationSettings', and 
'user'. Either 
include them or 
remove the dependency 
array.  react-hooks/ex
haustive-deps
344:19  Warning: 
Using `<img>` could 
result in slower LCP 
and higher bandwidth. 
Consider using 
`<Image />` from 
`next/image` to 
automatically 
optimize images. This 
may incur additional 
usage or cost from 
your provider. See: ht
tps://nextjs.org/docs/
messages/no-img-elemen
t  @next/next/no-img-e
lement
912:63  Error: `"` 
can be escaped with 
`&quot;`, `&ldquo;`, 
`&#34;`, `&rdquo;`.  r
eact/no-unescaped-enti
ties
912:68  Error: `"` 
can be escaped with 
`&quot;`, `&ldquo;`, 
`&#34;`, `&rdquo;`.  r
eact/no-unescaped-enti
ties
912:101  Error: `"` 
can be escaped with 
`&quot;`, `&ldquo;`, 
`&#34;`, `&rdquo;`.  r
eact/no-unescaped-enti
ties
912:113  Error: `"` 
can be escaped with 
`&quot;`, `&ldquo;`, 
`&#34;`, `&rdquo;`.  r
eact/no-unescaped-enti
ties
922:108  Error: `"` 
can be escaped with 
`&quot;`, `&ldquo;`, 
`&#34;`, `&rdquo;`.  r
eact/no-unescaped-enti
ties
922:129  Error: `"` 
can be escaped with 
`&quot;`, `&ldquo;`, 
`&#34;`, `&rdquo;`.  r
eact/no-unescaped-enti
ties

./app/therapists/page.
tsx
134:37  Warning: 
Using `<img>` could 
result in slower LCP 
and higher bandwidth. 
Consider using 
`<Image />` from 
`next/image` to 
automatically 
optimize images. This 
may incur additional 
usage or cost from 
your provider. See: ht
tps://nextjs.org/docs/
messages/no-img-elemen
t  @next/next/no-img-e
lement
295:100  Error: `'` 
can be escaped with 
`&apos;`, `&lsquo;`, 
`&#39;`, `&rsquo;`.  r
eact/no-unescaped-enti
ties

./app/therapists/resul
ts/page.tsx
138:41  Warning: 
Using `<img>` could 
result in slower LCP 
and higher bandwidth. 
Consider using 
`<Image />` from 
`next/image` to 
automatically 
optimize images. This 
may incur additional 
usage or cost from 
your provider. See: ht
tps://nextjs.org/docs/
messages/no-img-elemen
t  @next/next/no-img-e
lement
167:45  Error: `"` 
can be escaped with 
`&quot;`, `&ldquo;`, 
`&#34;`, `&rdquo;`.  r
eact/no-unescaped-enti
ties
167:66  Error: `"` 
can be escaped with 
`&quot;`, `&ldquo;`, 
`&#34;`, `&rdquo;`.  r
eact/no-unescaped-enti
ties
220:41  Warning: 
Using `<img>` could 
result in slower LCP 
and higher bandwidth. 
Consider using 
`<Image />` from 
`next/image` to 
automatically 
optimize images. This 
may incur additional 
usage or cost from 
your provider. See: ht
tps://nextjs.org/docs/
messages/no-img-elemen
t  @next/next/no-img-e
lement

./components/layout/Mo
bileBottomNav.tsx
60:8  Warning: React 
Hook useEffect has a 
missing dependency: 
'onTouchEnd'. Either 
include it or remove 
the dependency array. 
 react-hooks/exhaustiv
e-deps

./components/layout/Mo
bileHeader.tsx
47:13  Warning: Using 
`<img>` could result 
in slower LCP and 
higher bandwidth. 
Consider using 
`<Image />` from 
`next/image` to 
automatically 
optimize images. This 
may incur additional 
usage or cost from 
your provider. See: ht
tps://nextjs.org/docs/
messages/no-img-elemen
t  @next/next/no-img-e
lement

./components/layout/Na
vbar.tsx
37:25  Warning: Using 
`<img>` could result 
in slower LCP and 
higher bandwidth. 
Consider using 
`<Image />` from 
`next/image` to 
automatically 
optimize images. This 
may incur additional 
usage or cost from 
your provider. See: ht
tps://nextjs.org/docs/
messages/no-img-elemen
t  @next/next/no-img-e
lement

./components/layout/Si
debar.tsx
46:9  Warning: Using 
`<img>` could result 
in slower LCP and 
higher bandwidth. 
Consider using 
`<Image />` from 
`next/image` to 
automatically 
optimize images. This 
may incur additional 
usage or cost from 
your provider. See: ht
tps://nextjs.org/docs/
messages/no-img-elemen
t  @next/next/no-img-e
lement

./components/MoodFlowC
ard.tsx
81:8  Warning: React 
Hook useEffect has a 
missing dependency: 
'loadTodayEntry'. 
Either include it or 
remove the dependency 
array.  react-hooks/ex
haustive-deps

info  - Need to 
disable some ESLint 
rules? Learn more 
here: https://nextjs.o
rg/docs/basic-features
/eslint#disabling-rule
s
