app/api/report/shared/[code]/route.ts(29,40): error TS2339: Property 'collection' does not exist on type 'never'.
app/api/report/shared/[code]/route.ts(33,18): error TS2339: Property 'collection' does not exist on type 'never'.
components/layout/ProtectedRoute.tsx(6,30): error TS2307: Cannot find module '@/components/ui/LoadingAnimation' or its corresponding type declarations.
